// Jest Snapshot v1, https://goo.gl/fbAQLP

exports[`Form validates inputs 1`] = `
Object {
  "asFragment": [Function],
  "baseElement": <body>
    <div>
      <form
        class="form"
        data-testid="form"
      >
        <div
          class="row"
        >
          <div
            class="input-field col s12"
          >
            <label>
              <input
                data-testid="is_personal_data"
                name="is_personal_data"
                type="checkbox"
                value="true"
              />
              <span>
                Missing translationId: investigation.create.personal_info for language: \${ languageCode }
              </span>
            </label>
          </div>
        </div>
        <div
          class="row"
        >
          <div
            class="input-field col s12"
          >
            <input
              class="validate "
              data-testid="name"
              id="name"
              name="name"
              type="text"
              value="edad"
            />
            <label
              class="active"
              for="name"
            >
              Missing translationId: investigation.create.name_field for language: \${ languageCode }
            </label>
            <span
              class="error text"
            />
          </div>
        </div>
        <div
          class="row"
        >
          <div
            class="input-field col s12"
          >
            <div
              class="select-wrapper"
            >
              <input
                class="select-dropdown dropdown-trigger"
                data-target="select-options-73ecb2b9-b742-ab2d-6ff4-8a801f4c492b"
                readonly="true"
                type="text"
              />
              <ul
                class="dropdown-content select-dropdown"
                id="select-options-73ecb2b9-b742-ab2d-6ff4-8a801f4c492b"
                tabindex="0"
              >
                <li
                  class="disabled selected"
                  id="select-options-73ecb2b9-b742-ab2d-6ff4-8a801f4c492b0"
                  tabindex="0"
                >
                  <span>
                    Missing translationId: investigation.create.choose for language: \${ languageCode }
                  </span>
                </li>
                <li
                  id="select-options-73ecb2b9-b742-ab2d-6ff4-8a801f4c492b1"
                  tabindex="0"
                >
                  <span>
                    Missing translationId: investigation.create.type_text for language: \${ languageCode }
                  </span>
                </li>
                <li
                  id="select-options-73ecb2b9-b742-ab2d-6ff4-8a801f4c492b2"
                  tabindex="0"
                >
                  <span>
                    Missing translationId: investigation.create.type_number for language: \${ languageCode }
                  </span>
                </li>
                <li
                  id="select-options-73ecb2b9-b742-ab2d-6ff4-8a801f4c492b3"
                  tabindex="0"
                >
                  <span>
                    Missing translationId: investigation.create.type_date for language: \${ languageCode }
                  </span>
                </li>
              </ul>
              <svg
                class="caret"
                height="24"
                viewBox="0 0 24 24"
                width="24"
                xmlns="http://www.w3.org/2000/svg"
              >
                <path
                  d="M7 10l5 5 5-5z"
                />
                <path
                  d="M0 0h24v24H0z"
                  fill="none"
                />
              </svg>
              <select
                data-testid="type"
                name="type"
                tabindex="-1"
              >
                <option
                  disabled=""
                  value=""
                >
                  Missing translationId: investigation.create.choose for language: \${ languageCode }
                </option>
                <option
                  value="text"
                >
                  Missing translationId: investigation.create.type_text for language: \${ languageCode }
                </option>
                <option
                  value="number"
                >
                  Missing translationId: investigation.create.type_number for language: \${ languageCode }
                </option>
                <option
                  value="date"
                >
                  Missing translationId: investigation.create.type_date for language: \${ languageCode }
                </option>
              </select>
            </div>
            <label>
              Missing translationId: investigation.create.choose for language: \${ languageCode }
            </label>
            <span
              class="error text"
            />
          </div>
        </div>
        <div
          class="row"
        >
          <div
            class="input-field col s6"
          >
            <input
              class="validate "
              data-testid="question"
              id="question"
              name="question"
              type="text"
              value="¿qué edad tienes?"
            />
            <label
              class="active"
              for="question"
            >
              Missing translationId: investigation.create.question_field for language: \${ languageCode }
            </label>
            <span
              class="error text"
            />
          </div>
        </div>
        <button
          class="waves-effect waves-light btn"
          data-testid="submit-form"
          type="submit"
        >
          Missing translationId: investigation.create.save for language: \${ languageCode }
        </button>
      </form>
    </div>
  </body>,
  "container": <div>
    <form
      class="form"
      data-testid="form"
    >
      <div
        class="row"
      >
        <div
          class="input-field col s12"
        >
          <label>
            <input
              data-testid="is_personal_data"
              name="is_personal_data"
              type="checkbox"
              value="true"
            />
            <span>
              Missing translationId: investigation.create.personal_info for language: \${ languageCode }
            </span>
          </label>
        </div>
      </div>
      <div
        class="row"
      >
        <div
          class="input-field col s12"
        >
          <input
            class="validate "
            data-testid="name"
            id="name"
            name="name"
            type="text"
            value="edad"
          />
          <label
            class="active"
            for="name"
          >
            Missing translationId: investigation.create.name_field for language: \${ languageCode }
          </label>
          <span
            class="error text"
          />
        </div>
      </div>
      <div
        class="row"
      >
        <div
          class="input-field col s12"
        >
          <div
            class="select-wrapper"
          >
            <input
              class="select-dropdown dropdown-trigger"
              data-target="select-options-73ecb2b9-b742-ab2d-6ff4-8a801f4c492b"
              readonly="true"
              type="text"
            />
            <ul
              class="dropdown-content select-dropdown"
              id="select-options-73ecb2b9-b742-ab2d-6ff4-8a801f4c492b"
              tabindex="0"
            >
              <li
                class="disabled selected"
                id="select-options-73ecb2b9-b742-ab2d-6ff4-8a801f4c492b0"
                tabindex="0"
              >
                <span>
                  Missing translationId: investigation.create.choose for language: \${ languageCode }
                </span>
              </li>
              <li
                id="select-options-73ecb2b9-b742-ab2d-6ff4-8a801f4c492b1"
                tabindex="0"
              >
                <span>
                  Missing translationId: investigation.create.type_text for language: \${ languageCode }
                </span>
              </li>
              <li
                id="select-options-73ecb2b9-b742-ab2d-6ff4-8a801f4c492b2"
                tabindex="0"
              >
                <span>
                  Missing translationId: investigation.create.type_number for language: \${ languageCode }
                </span>
              </li>
              <li
                id="select-options-73ecb2b9-b742-ab2d-6ff4-8a801f4c492b3"
                tabindex="0"
              >
                <span>
                  Missing translationId: investigation.create.type_date for language: \${ languageCode }
                </span>
              </li>
            </ul>
            <svg
              class="caret"
              height="24"
              viewBox="0 0 24 24"
              width="24"
              xmlns="http://www.w3.org/2000/svg"
            >
              <path
                d="M7 10l5 5 5-5z"
              />
              <path
                d="M0 0h24v24H0z"
                fill="none"
              />
            </svg>
            <select
              data-testid="type"
              name="type"
              tabindex="-1"
            >
              <option
                disabled=""
                value=""
              >
                Missing translationId: investigation.create.choose for language: \${ languageCode }
              </option>
              <option
                value="text"
              >
                Missing translationId: investigation.create.type_text for language: \${ languageCode }
              </option>
              <option
                value="number"
              >
                Missing translationId: investigation.create.type_number for language: \${ languageCode }
              </option>
              <option
                value="date"
              >
                Missing translationId: investigation.create.type_date for language: \${ languageCode }
              </option>
            </select>
          </div>
          <label>
            Missing translationId: investigation.create.choose for language: \${ languageCode }
          </label>
          <span
            class="error text"
          />
        </div>
      </div>
      <div
        class="row"
      >
        <div
          class="input-field col s6"
        >
          <input
            class="validate "
            data-testid="question"
            id="question"
            name="question"
            type="text"
            value="¿qué edad tienes?"
          />
          <label
            class="active"
            for="question"
          >
            Missing translationId: investigation.create.question_field for language: \${ languageCode }
          </label>
          <span
            class="error text"
          />
        </div>
      </div>
      <button
        class="waves-effect waves-light btn"
        data-testid="submit-form"
        type="submit"
      >
        Missing translationId: investigation.create.save for language: \${ languageCode }
      </button>
    </form>
  </div>,
  "debug": [Function],
  "findAllByAltText": [Function],
  "findAllByDisplayValue": [Function],
  "findAllByLabelText": [Function],
  "findAllByPlaceholderText": [Function],
  "findAllByRole": [Function],
  "findAllByTestId": [Function],
  "findAllByText": [Function],
  "findAllByTitle": [Function],
  "findByAltText": [Function],
  "findByDisplayValue": [Function],
  "findByLabelText": [Function],
  "findByPlaceholderText": [Function],
  "findByRole": [Function],
  "findByTestId": [Function],
  "findByText": [Function],
  "findByTitle": [Function],
  "getAllByAltText": [Function],
  "getAllByDisplayValue": [Function],
  "getAllByLabelText": [Function],
  "getAllByPlaceholderText": [Function],
  "getAllByRole": [Function],
  "getAllByTestId": [Function],
  "getAllByText": [Function],
  "getAllByTitle": [Function],
  "getByAltText": [Function],
  "getByDisplayValue": [Function],
  "getByLabelText": [Function],
  "getByPlaceholderText": [Function],
  "getByRole": [Function],
  "getByTestId": [Function],
  "getByText": [Function],
  "getByTitle": [Function],
  "queryAllByAltText": [Function],
  "queryAllByDisplayValue": [Function],
  "queryAllByLabelText": [Function],
  "queryAllByPlaceholderText": [Function],
  "queryAllByRole": [Function],
  "queryAllByTestId": [Function],
  "queryAllByText": [Function],
  "queryAllByTitle": [Function],
  "queryByAltText": [Function],
  "queryByDisplayValue": [Function],
  "queryByLabelText": [Function],
  "queryByPlaceholderText": [Function],
  "queryByRole": [Function],
  "queryByTestId": [Function],
  "queryByText": [Function],
  "queryByTitle": [Function],
  "rerender": [Function],
  "unmount": [Function],
}
`;

exports[`Link changes the class when hovered 1`] = `
<form
  onSubmit={[Function]}
>
  <div
    className="row"
  >
    <div
      className="input-field col s12"
    >
      <label>
        <input
          checked={false}
          name="is_personal_data"
          onBlur={[Function]}
          onChange={[Function]}
          onDragStart={[Function]}
          onDrop={[Function]}
          onFocus={[Function]}
          type="checkbox"
          value=""
        />
        <span>
          Missing translationId: investigation.create.personal_info for language: \${ languageCode }
        </span>
      </label>
    </div>
  </div>
  <div
    className="row"
  >
    <div
      className="input-field col s12"
    >
      <input
        className="validate "
        id="name"
        name="name"
        onBlur={[Function]}
        onChange={[Function]}
        onDragStart={[Function]}
        onDrop={[Function]}
        onFocus={[Function]}
        type="text"
        value=""
      />
      <label
        htmlFor="name"
      >
        Missing translationId: investigation.create.name_field for language: \${ languageCode }
      </label>
      <span
        className="error text"
      />
    </div>
  </div>
  <div
    className="row"
  >
    <div
      className="input-field col s12"
    >
      <select
        name="type"
        onBlur={[Function]}
        onChange={[Function]}
        onDragStart={[Function]}
        onDrop={[Function]}
        onFocus={[Function]}
        value=""
      >
        <option
          disabled={true}
          value=""
        >
          Missing translationId: investigation.create.choose for language: \${ languageCode }
        </option>
        <option
          value="text"
        >
          Missing translationId: investigation.create.type_text for language: \${ languageCode }
        </option>
        <option
          value="number"
        >
          Missing translationId: investigation.create.type_number for language: \${ languageCode }
        </option>
        <option
          value="date"
        >
          Missing translationId: investigation.create.type_date for language: \${ languageCode }
        </option>
      </select>
      <label>
        Missing translationId: investigation.create.choose for language: \${ languageCode }
      </label>
      <span
        className="error text"
      />
    </div>
  </div>
  <div
    className="row"
  >
    <div
      className="input-field col s6"
    >
      <input
        className="validate "
        id="question"
        name="question"
        onBlur={[Function]}
        onChange={[Function]}
        onDragStart={[Function]}
        onDrop={[Function]}
        onFocus={[Function]}
        type="text"
        value=""
      />
      <label
        htmlFor="question"
      >
        Missing translationId: investigation.create.question_field for language: \${ languageCode }
      </label>
      <span
        className="error text"
      />
    </div>
  </div>
  <button
    className="waves-effect waves-light btn"
  >
    Missing translationId: investigation.create.add_field for language: \${ languageCode }
  </button>
</form>
`;
